../Core/Src/dhcp.c:255:6:default_ip_assign	8	static
../Core/Src/dhcp.c:263:6:default_ip_update	8	static
../Core/Src/dhcp.c:273:6:default_ip_conflict	8	static
../Core/Src/dhcp.c:282:6:reg_dhcp_cbfunc	24	static
../Core/Src/dhcp.c:293:6:makeDHCPMSG	24	static
../Core/Src/dhcp.c:352:6:send_DHCP_DISCOVER	32	static
../Core/Src/dhcp.c:414:6:send_DHCP_REQUEST	48	static
../Core/Src/dhcp.c:513:6:send_DHCP_DECLINE	40	static
../Core/Src/dhcp.c:573:8:parseDHCPMSG	48	static
../Core/Src/dhcp.c:674:9:DHCP_run	24	static
../Core/Src/dhcp.c:804:9:DHCP_stop	8	static
../Core/Src/dhcp.c:810:9:check_DHCP_timeout	16	static
../Core/Src/dhcp.c:863:8:check_DHCP_leasedIP	32	static
../Core/Src/dhcp.c:898:6:DHCP_init	32	static
../Core/Src/dhcp.c:928:6:reset_DHCP_timeout	8	static
../Core/Src/dhcp.c:935:6:DHCP_time_handler	8	static
../Core/Src/dhcp.c:940:6:getIPfromDHCP	16	static
../Core/Src/dhcp.c:948:6:getGWfromDHCP	16	static
../Core/Src/dhcp.c:956:6:getSNfromDHCP	16	static
../Core/Src/dhcp.c:964:6:getDNSfromDHCP	16	static
../Core/Src/dhcp.c:972:10:getDHCPLeasetime	8	static
../Core/Src/dhcp.c:977:6:NibbleToHex	16	static
