../Core/Inc/stm32g0xx_ll_utils.h:214:26:LL_GetUID_Word1	8	static
../Core/Inc/stm32g0xx_ll_utils.h:223:26:LL_GetUID_Word2	8	static
../Core/Src/main.c:373:6:UART_Printf	280	static
../Core/Src/main.c:385:6:docrc	32	static
../Core/Src/main.c:401:6:enviaUDP	104	static
../Core/Src/main.c:413:6:concathex2	32	static
../Core/Src/main.c:426:6:concathex4	24	static
../Core/Src/main.c:446:5:hextochar	104	static
../Core/Src/main.c:481:6:dht	16	static
../Core/Src/main.c:496:6:trata_fan1	8	static
../Core/Src/main.c:512:6:trata_fan2	8	static
../Core/Src/main.c:528:6:trata_carga	8	static
../Core/Src/main.c:548:6:trata_carga_down	8	static
../Core/Src/main.c:566:6:W5500_Select	8	static
../Core/Src/main.c:570:6:W5500_Unselect	8	static
../Core/Src/main.c:574:6:W5500_ReadBuff	24	static
../Core/Src/main.c:578:6:W5500_WriteBuff	24	static
../Core/Src/main.c:582:9:W5500_ReadByte	16	static
../Core/Src/main.c:588:6:W5500_WriteByte	16	static
../Core/Src/main.c:595:6:telas	16	static
../Core/Src/main.c:778:6:init_udp	56	static
../Core/Src/main.c:812:6:monta_status	104	static
../Core/Src/main.c:840:6:monta_ipL	136	static
../Core/Src/main.c:904:6:monta_ipS	232	static
../Core/Src/main.c:980:6:monta_info	56	static
../Core/Src/main.c:994:6:monta_teste	264	static
../Core/Src/main.c:1046:6:tratapergunta	16	static
../Core/Src/main.c:1065:6:trataconfig	56	static
../Core/Src/main.c:1228:6:tratateste	72	static
../Core/Src/main.c:1263:6:le_eep	16	static
../Core/Src/main.c:1318:6:GetMCUInfo	16	static
../Core/Src/main.c:1333:6:trataDNS	48	static
../Core/Src/main.c:1368:6:reboot_wiz	8	static
../Core/Src/main.c:1385:9:ping_count	32	static
../Core/Src/main.c:1465:9:ping_request	40	static
../Core/Src/main.c:1491:9:ping_reply	224	static
../Core/Src/main.c:1539:5:main	184	static
../Core/Src/main.c:1804:6:TIM6_IRQHandler	8	static
../Core/Src/main.c:1889:6:TIM7_IRQHandler	8	static
../Core/Src/main.c:1952:6:TIM14_IRQHandler	8	static
../Core/Src/main.c:2000:6:USART1_IRQHandler	8	static
../Core/Src/main.c:2033:6:SystemClock_Config	112	static
../Core/Src/main.c:2087:13:MX_ADC1_Init	24	static
../Core/Src/main.c:2168:13:MX_CRC_Init	8	static
../Core/Src/main.c:2202:13:MX_I2C2_Init	8	static
../Core/Src/main.c:2248:13:MX_SPI1_Init	8	static
../Core/Src/main.c:2288:13:MX_TIM3_Init	64	static
../Core/Src/main.c:2355:13:MX_TIM6_Init	24	static
../Core/Src/main.c:2393:13:MX_TIM7_Init	24	static
../Core/Src/main.c:2431:13:MX_TIM14_Init	8	static
../Core/Src/main.c:2462:13:MX_USART1_UART_Init	8	static
../Core/Src/main.c:2508:13:MX_DMA_Init	16	static
../Core/Src/main.c:2526:13:MX_GPIO_Init	48	static
../Core/Src/main.c:2602:6:Error_Handler	8	static,ignoring_inline_asm
