../Core/Src/wizchip_conf.c:68:12:wizchip_cris_enter	8	static
../Core/Src/wizchip_conf.c:76:12:wizchip_cris_exit	8	static
../Core/Src/wizchip_conf.c:85:6:wizchip_cs_select	8	static
../Core/Src/wizchip_conf.c:93:6:wizchip_cs_deselect	8	static
../Core/Src/wizchip_conf.c:102:10:wizchip_bus_readdata	16	static
../Core/Src/wizchip_conf.c:111:10:wizchip_bus_writedata	16	static
../Core/Src/wizchip_conf.c:119:9:wizchip_spi_readbyte	8	static
../Core/Src/wizchip_conf.c:127:10:wizchip_spi_writebyte	16	static
../Core/Src/wizchip_conf.c:135:10:wizchip_spi_readburst	16	static
../Core/Src/wizchip_conf.c:143:10:wizchip_spi_writeburst	16	static
../Core/Src/wizchip_conf.c:195:6:reg_wizchip_cris_cbfunc	16	static
../Core/Src/wizchip_conf.c:209:6:reg_wizchip_cs_cbfunc	16	static
../Core/Src/wizchip_conf.c:225:6:reg_wizchip_bus_cbfunc	16	static
../Core/Src/wizchip_conf.c:253:6:reg_wizchip_spi_cbfunc	16	static
../Core/Src/wizchip_conf.c:271:6:reg_wizchip_spiburst_cbfunc	16	static
../Core/Src/wizchip_conf.c:287:8:ctlwizchip	40	static
../Core/Src/wizchip_conf.c:369:8:ctlnetwork	16	static
../Core/Src/wizchip_conf.c:397:6:wizchip_sw_reset	48	static
../Core/Src/wizchip_conf.c:422:8:wizchip_init	32	static
../Core/Src/wizchip_conf.c:504:6:wizchip_clrinterrupt	32	static
../Core/Src/wizchip_conf.c:531:11:wizchip_getinterrupt	24	static
../Core/Src/wizchip_conf.c:562:6:wizchip_setinterruptmask	32	static
../Core/Src/wizchip_conf.c:586:11:wizchip_getinterruptmask	24	static
../Core/Src/wizchip_conf.c:615:8:wizphy_getphylink	16	static
../Core/Src/wizchip_conf.c:636:8:wizphy_getphypmode	16	static
../Core/Src/wizchip_conf.c:739:6:wizphy_reset	24	static
../Core/Src/wizchip_conf.c:749:6:wizphy_setphyconf	24	static
../Core/Src/wizchip_conf.c:779:6:wizphy_getphyconf	32	static
../Core/Src/wizchip_conf.c:818:6:wizphy_getphystat	32	static
../Core/Src/wizchip_conf.c:825:8:wizphy_setphypmode	32	static
../Core/Src/wizchip_conf.c:851:6:wizchip_setnetinfo	16	static
../Core/Src/wizchip_conf.c:864:6:wizchip_getnetinfo	16	static
../Core/Src/wizchip_conf.c:877:8:wizchip_setnetmode	32	static
../Core/Src/wizchip_conf.c:891:14:wizchip_getnetmode	8	static
../Core/Src/wizchip_conf.c:896:6:wizchip_settimeout	16	static
../Core/Src/wizchip_conf.c:902:6:wizchip_gettimeout	24	static
